2025-10-03 14:59:03 - [INFO] - Executando teste: test_safe_division_por_zero
2025-10-03 14:59:03 - [INFO] - Executando teste: test_safe_division_normal
2025-10-03 14:59:03 - [INFO] - Executando teste: test_preparar_contexto_relatorio_nacional
2025-10-03 14:59:03 - [INFO] - Iniciando teste: test_database_url_creation
2025-10-03 14:59:03 - [INFO] - Teste finalizado com sucesso.
2025-10-03 14:59:03 - [INFO] - Iniciando teste: test_agregacao_regional
2025-10-03 14:59:03 - [INFO] - Teste finalizado com sucesso.
2025-10-03 14:59:03 - [INFO] - Iniciando teste de integração: test_executar_etl_gera_todos_os_csvs
2025-10-03 14:59:03 - [INFO] - ==================================================
2025-10-03 14:59:03 - [INFO] - INÍCIO DO PROCESSO DE ETL.
2025-10-03 14:59:03 - [INFO] - Contexto de Execução do ETL: {'DB_PDV': 'pdv_automotive', 'DB_EVENTO': 'banco_de_teste', 'DATA_INICIO': "'2025-09-01'", 'DATA_FIM': "'2025-09-30'"}
2025-10-03 14:59:03 - [INFO] - CHAMADA MOCK: run_query foi interceptada e retornou dados de teste.
2025-10-03 14:59:03 - [INFO] - Visão mestre 'visao_vendedor' salva.
2025-10-03 14:59:03 - [INFO] - Visão agregada 'visao_pdv' salva.
2025-10-03 14:59:03 - [INFO] - Visão agregada 'visao_regional' salva.
2025-10-03 14:59:03 - [INFO] - Visão agregada 'visao_grupo' salva.
2025-10-03 14:59:03 - [INFO] - Visão agregada 'visao_marca' salva.
2025-10-03 14:59:03 - [INFO] - Visão agregada 'visao_setor' salva.
2025-10-03 14:59:03 - [INFO] - Visão agregada 'visao_nacional' salva.
2025-10-03 14:59:03 - [INFO] - PROCESSO DE ETL CONCLUÍDO COM SUCESSO.
2025-10-03 14:59:03 - [INFO] - ==================================================
2025-10-03 14:59:03 - [INFO] - Verificando arquivos na pasta temporária: C:\Users\LucasMoraes\AppData\Local\Temp\pytest-of-LucasMoraes\pytest-3\test_executar_etl_gera_todos_o0\csv
2025-10-03 14:59:03 - [INFO] - Teste de integração finalizado com sucesso. Todos os arquivos foram criados.
